
> temp_init@0.1.0 test
> jest __tests__/lib/auth.test.ts

npm : FAIL 
__tests__/lib/auth.test.ts
At line:1 char:1
+ npm run test -- 
__tests__/lib/auth.test.ts > 
test_output.txt 2>&1
+ ~~~~~~~~~~~~~~~~~~~~~~~~~~~~~~~~~~
~~~~~~~~~~~~~~~~~~~~~~~~~~~~~~~
    + CategoryInfo          : NotSp 
   ecified: (FAIL __tests__/lib/au  
  th.test.ts:String) [], RemoteEx   
 ception
    + FullyQualifiedErrorId : Nativ 
   eCommandError
 
  ΓùÅ Test suite failed to run

    Cannot find module 
'@/utils/supabase/server' from 
'__tests__/lib/auth.test.ts'

    [0m [90m 1 |[39m 
[36mimport[39m { 
getUser[33m,[39m signOut } 
[36mfrom[39m 
[32m'@/lib/auth'[39m
     [90m 2 |[39m
    [31m[1m>[22m[39m[90m 3 
|[39m [90m// Mock the 
utils/supabase/server module[39m
     [90m   |[39m      
[31m[1m^[22m[39m
     [90m 4 |[39m jest[33m.[39mm
ock([32m'@/utils/supabase/server'[
39m[33m,[39m () [33m=>[39m ({
     [90m 5 |[39m     
createClient[33m:[39m 
jest[33m.[39mfn()[33m,[39m
     [90m 6 |[39m }))[0m

      at 
Resolver._throwModNotFoundError (nod
e_modules/jest-resolve/build/index.j
s:863:11)
      at Object.<anonymous> 
(__tests__/lib/auth.test.ts:3:6)

------------|---------|----------|---------|---------|-------------------
File        | % Stmts | % Branch | % Funcs | % Lines | Uncovered Line #s 
------------|---------|----------|---------|---------|-------------------
All files   |       0 |        0 |       0 |       0 |                   
 layout.tsx |       0 |        0 |       0 |       0 | 1-34              
 page.tsx   |       0 |        0 |       0 |       0 | 1-65              
------------|---------|----------|---------|---------|-------------------
Test Suites: 1 failed, 1 total
Tests:       0 total
Snapshots:   0 total
Time:        1.624 s
Ran all test suites matching 
__tests__/lib/auth.test.ts.
